ninja: no work to do.
/home/aung/anaconda3/envs/6G/lib/python3.12/site-packages/torch/cuda/__init__.py:435: UserWarning: 
    Found GPU0 NVIDIA GB10 which is of cuda capability 12.1.
    Minimum and Maximum cuda capability supported by this version of PyTorch is
    (8.0) - (12.0)
    
  queued_call()
pybullet build time: Jan  6 2026 23:44:17
=== Warehouse No-ISAC Simulation ===
Scene:       /home/aung/code/docte6g/assets/scenes/warehouse/warehouse_v5.xml
Frequency:   15 GHz
ISAC:        DISABLED
Sim time:    180 s
Starting simulation...

=== Simulation Complete ===
Total flows:  47
Total TxPkts: 86182
Total RxPkts: 86145
MQTT TxPkts:  1780
MQTT RxPkts:  1749
MQTT Tput:    7.34 Kbps
Temp publishes: 136, controller temp receives: 136
Humidity publishes: 140, controller humidity receives: 140
Package publishes: 4, controller package receives: 4
Rack registers: 1
Withdrawal queries: 29, package lists: 29, withdrawal requests: 2
Robot route completions: package pickup=2, rack store=2, rack retrieve=0, pickup-zone drop=0
UE1 MQTT RxPkts: 156 Tput: 0.67 Kbps
UE2 MQTT RxPkts: 172 Tput: 0.74 Kbps
UE3 MQTT RxPkts: 156 Tput: 0.67 Kbps
UE4 MQTT RxPkts: 156 Tput: 0.67 Kbps
UE5 MQTT RxPkts: 31 Tput: 0.16 Kbps
UE6 MQTT RxPkts: 32 Tput: 0.17 Kbps
UE7 MQTT RxPkts: 0 Tput: 0.00 Kbps
UE8 MQTT RxPkts: 18 Tput: 0.07 Kbps
robot1 MQTT RxPkts: 31 Tput: 0.16 Kbps
robot2 MQTT RxPkts: 32 Tput: 0.17 Kbps
robot3 MQTT RxPkts: 0 Tput: 0.00 Kbps
camera1 Video RxPkts: 83799 Tput: 5578.09 Kbps
ERROR: Warehouse MQTT verification failed.
Command 'build/scratch/warehouse-isac/ns3.46-warehouse-no-isac-default --simTime=180 --gnbAntennaRows=8 --gnbAntennaCols=8 --sionnaFixedUlMcs=3 --gnbTxPowerDbm=24 --ueTxPowerDbm=23 --gnbNoiseFigureDb=5 --ueNoiseFigureDb=17 --idealAnalogArrayGain=true --useElementMimoCsi=true --showcaseBytes=131072 --pacingRateBps=50000000 --geometryProfile=large --outputDir=/home/aung/code/docte6g/results/warehouse/no-isac-8x8 --beamformingPeriodicity=0.25' returned non-zero exit status 1.
