ninja: no work to do.
/home/aung/anaconda3/envs/6G/lib/python3.12/site-packages/torch/cuda/__init__.py:435: UserWarning: 
    Found GPU0 NVIDIA GB10 which is of cuda capability 12.1.
    Minimum and Maximum cuda capability supported by this version of PyTorch is
    (8.0) - (12.0)
    
  queued_call()
[MTI-prime] frame 1/1: 23298 clutter ERPs added to background
pybullet build time: Jan  6 2026 23:44:17
=== Warehouse ISAC Simulation ===
Scene:       /home/aung/code/docte6g/assets/scenes/warehouse/warehouse_v5.xml
Frequency:   15 GHz
ISAC:        ENABLED
Sim time:    180 s
Starting simulation...

=== Simulation Complete ===
Total flows:  50
Total TxPkts: 86830
Total RxPkts: 86762
MQTT TxPkts:  1668
MQTT RxPkts:  1612
MQTT Tput:    9.44 Kbps
Temp publishes: 136, controller temp receives: 103
Humidity publishes: 140, controller humidity receives: 107
Package publishes: 4, controller package receives: 4
Rack registers: 2
Withdrawal queries: 29, package lists: 29, withdrawal requests: 4
Robot route completions: package pickup=3, rack store=3, rack retrieve=1, pickup-zone drop=1
UE1 MQTT RxPkts: 36 Tput: 2.46 Kbps
UE2 MQTT RxPkts: 178 Tput: 0.82 Kbps
UE3 MQTT RxPkts: 156 Tput: 0.67 Kbps
UE4 MQTT RxPkts: 156 Tput: 0.67 Kbps
UE5 MQTT RxPkts: 31 Tput: 0.16 Kbps
UE6 MQTT RxPkts: 32 Tput: 0.17 Kbps
UE7 MQTT RxPkts: 41 Tput: 0.30 Kbps
UE8 MQTT RxPkts: 18 Tput: 0.07 Kbps
robot1 MQTT RxPkts: 31 Tput: 0.16 Kbps
robot2 MQTT RxPkts: 32 Tput: 0.17 Kbps
robot3 MQTT RxPkts: 41 Tput: 0.30 Kbps
camera1 Video RxPkts: 83799 Tput: 5578.09 Kbps
ISAC detections: 78
ERROR: Warehouse MQTT verification failed.
Command 'build/scratch/warehouse-isac/ns3.46-warehouse-isac-default --simTime=180 --gnbAntennaRows=2 --gnbAntennaCols=2 --sionnaFixedUlMcs=3 --gnbTxPowerDbm=24 --ueTxPowerDbm=23 --gnbNoiseFigureDb=5 --ueNoiseFigureDb=17 --idealAnalogArrayGain=true --useElementMimoCsi=true --showcaseBytes=131072 --pacingRateBps=50000000 --geometryProfile=large --outputDir=/home/aung/code/docte6g/results/warehouse/isac-2x2 --beamformingPeriodicity=1.0 --isacSensingFrameInterval=5 --isacBeamwidthDeg=20 --isacSamplesPerSrc=2000000 --isacMinPower=1e-25' returned non-zero exit status 1.
