ninja: no work to do.
/home/aung/anaconda3/envs/6G/lib/python3.12/site-packages/torch/cuda/__init__.py:435: UserWarning: 
    Found GPU0 NVIDIA GB10 which is of cuda capability 12.1.
    Minimum and Maximum cuda capability supported by this version of PyTorch is
    (8.0) - (12.0)
    
  queued_call()
[MTI-prime] frame 1/1: 603 clutter ERPs added to background
pybullet build time: Jan  6 2026 23:44:17
=== Warehouse ISAC Simulation ===
Scene:       /home/aung/code/docte6g/assets/scenes/warehouse/warehouse_v4.xml
Frequency:   15 GHz
ISAC:        ENABLED
Sim time:    180 s
Starting simulation...

=== Simulation Complete ===
Total flows:  52
Total TxPkts: 12050
Total RxPkts: 7015
MQTT TxPkts:  1851
MQTT RxPkts:  1832
MQTT Tput:    9.92 Kbps
Temp publishes: 136, controller temp receives: 136
Humidity publishes: 140, controller humidity receives: 140
Package publishes: 4, controller package receives: 4
Rack registers: 4
Withdrawal queries: 28, package lists: 28, withdrawal requests: 3
Robot route completions: package pickup=3, rack store=3, rack retrieve=0, pickup-zone drop=0
UE1 MQTT RxPkts: 171 Tput: 0.73 Kbps
UE2 MQTT RxPkts: 172 Tput: 0.74 Kbps
UE3 MQTT RxPkts: 171 Tput: 0.73 Kbps
UE4 MQTT RxPkts: 172 Tput: 0.74 Kbps
UE5 MQTT RxPkts: 33 Tput: 0.17 Kbps
UE6 MQTT RxPkts: 34 Tput: 0.18 Kbps
UE7 MQTT RxPkts: 33 Tput: 0.17 Kbps
UE8 MQTT RxPkts: 12 Tput: 1.87 Kbps
robot1 MQTT RxPkts: 33 Tput: 0.17 Kbps
robot2 MQTT RxPkts: 34 Tput: 0.18 Kbps
robot3 MQTT RxPkts: 33 Tput: 0.17 Kbps
camera1 Video RxPkts: 45 Tput: 5592.11 Kbps
ISAC detections: 246
ERROR: Warehouse MQTT verification failed.
Command 'build/scratch/warehouse-isac/ns3.46-warehouse-isac-default --simTime=180 --gnbAntennaRows=8 --gnbAntennaCols=8 --sionnaFixedUlMcs=3 --gnbTxPowerDbm=30 --ueTxPowerDbm=10 --gnbNoiseFigureDb=5 --ueNoiseFigureDb=17 --idealAnalogArrayGain=false --useElementMimoCsi=true --showcaseBytes=512000 --pacingRateBps=50000000 --outputDir=/home/aung/code/docte6g/results/warehouse-v6/isac-8x8 --beamformingPeriodicity=1 --isacSensingFrameInterval=2 --isacBeamwidthDeg=20 --isacSamplesPerSrc=20000' returned non-zero exit status 1.
